This is the WrapperOnManifold number 0:
  Wrapper on manifold:
    Function name: f_n (x) = sum(x)
    Restricted mapping: 0, 1, 2
  Result:
  3
  Jacobian:
  1 1 1 0 0 0 0 0 0 0 0 0 0 0 0 0 0 0 0 0 0 0 0 0 0 0 0 0 0 0 0 0 0 0 0 0 0 0 0 0 0 0 0 0 0
  Jacobian on tangent Space:
  1 1 1 0 0 0 0 0 0 0 0 0 0 0 0 0 0 0 0 0 0 0 0 0 0 0 0 0 0 0 0 0 0 0 0 0 0 0 0 0 0 0 0 0 0
This is the WrapperOnManifold number 1:
  Wrapper on manifold:
    Function name: f_n (x) = sum(x)
    Restricted mapping: 3, 4, 5
  Result:
  12
  Jacobian:
  0 0 0 1 1 1 0 0 0 0 0 0 0 0 0 0 0 0 0 0 0 0 0 0 0 0 0 0 0 0 0 0 0 0 0 0 0 0 0 0 0 0 0 0 0
  Jacobian on tangent Space:
  0 0 0 1 1 1 0 0 0 0 0 0 0 0 0 0 0 0 0 0 0 0 0 0 0 0 0 0 0 0 0 0 0 0 0 0 0 0 0 0 0 0 0 0 0
This is the WrapperOnManifold number 2:
  Wrapper on manifold:
    Function name: f_n (x) = sum(x)
    Restricted mapping: 6, 7, 8
  Result:
  21
  Jacobian:
  0 0 0 0 0 0 1 1 1 0 0 0 0 0 0 0 0 0 0 0 0 0 0 0 0 0 0 0 0 0 0 0 0 0 0 0 0 0 0 0 0 0 0 0 0
  Jacobian on tangent Space:
  0 0 0 0 0 0 1 1 1 0 0 0 0 0 0 0 0 0 0 0 0 0 0 0 0 0 0 0 0 0 0 0 0 0 0 0 0 0 0 0 0 0 0 0 0
This is the WrapperOnManifold number 3:
  Wrapper on manifold:
    Function name: f_n (x) = sum(x)
    Restricted mapping: 9, 10, 11
  Result:
  30
  Jacobian:
  0 0 0 0 0 0 0 0 0 1 1 1 0 0 0 0 0 0 0 0 0 0 0 0 0 0 0 0 0 0 0 0 0 0 0 0 0 0 0 0 0 0 0 0 0
  Jacobian on tangent Space:
  0 0 0 0 0 0 0 0 0 1 1 1 0 0 0 0 0 0 0 0 0 0 0 0 0 0 0 0 0 0 0 0 0 0 0 0 0 0 0 0 0 0 0 0 0
This is the WrapperOnManifold number 4:
  Wrapper on manifold:
    Function name: f_n (x) = sum(x)
    Restricted mapping: 12, 13, 14
  Result:
  39
  Jacobian:
  0 0 0 0 0 0 0 0 0 0 0 0 1 1 1 0 0 0 0 0 0 0 0 0 0 0 0 0 0 0 0 0 0 0 0 0 0 0 0 0 0 0 0 0 0
  Jacobian on tangent Space:
  0 0 0 0 0 0 0 0 0 0 0 0 1 1 1 0 0 0 0 0 0 0 0 0 0 0 0 0 0 0 0 0 0 0 0 0 0 0 0 0 0 0 0 0 0
This is the WrapperOnManifold number 5:
  Wrapper on manifold:
    Function name: f_n (x) = sum(x)
    Restricted mapping: 15, 16, 17
  Result:
  48
  Jacobian:
  0 0 0 0 0 0 0 0 0 0 0 0 0 0 0 1 1 1 0 0 0 0 0 0 0 0 0 0 0 0 0 0 0 0 0 0 0 0 0 0 0 0 0 0 0
  Jacobian on tangent Space:
  0 0 0 0 0 0 0 0 0 0 0 0 0 0 0 1 1 1 0 0 0 0 0 0 0 0 0 0 0 0 0 0 0 0 0 0 0 0 0 0 0 0 0 0 0
This is the WrapperOnManifold number 6:
  Wrapper on manifold:
    Function name: f_n (x) = sum(x)
    Restricted mapping: 18, 19, 20
  Result:
  57
  Jacobian:
  0 0 0 0 0 0 0 0 0 0 0 0 0 0 0 0 0 0 1 1 1 0 0 0 0 0 0 0 0 0 0 0 0 0 0 0 0 0 0 0 0 0 0 0 0
  Jacobian on tangent Space:
  0 0 0 0 0 0 0 0 0 0 0 0 0 0 0 0 0 0 1 1 1 0 0 0 0 0 0 0 0 0 0 0 0 0 0 0 0 0 0 0 0 0 0 0 0
This is the WrapperOnManifold number 7:
  Wrapper on manifold:
    Function name: f_n (x) = sum(x)
    Restricted mapping: 21, 22, 23
  Result:
  66
  Jacobian:
  0 0 0 0 0 0 0 0 0 0 0 0 0 0 0 0 0 0 0 0 0 1 1 1 0 0 0 0 0 0 0 0 0 0 0 0 0 0 0 0 0 0 0 0 0
  Jacobian on tangent Space:
  0 0 0 0 0 0 0 0 0 0 0 0 0 0 0 0 0 0 0 0 0 1 1 1 0 0 0 0 0 0 0 0 0 0 0 0 0 0 0 0 0 0 0 0 0
This is the WrapperOnManifold number 8:
  Wrapper on manifold:
    Function name: f_n (x) = sum(x)
    Restricted mapping: 24, 25, 26
  Result:
  75
  Jacobian:
  0 0 0 0 0 0 0 0 0 0 0 0 0 0 0 0 0 0 0 0 0 0 0 0 1 1 1 0 0 0 0 0 0 0 0 0 0 0 0 0 0 0 0 0 0
  Jacobian on tangent Space:
  0 0 0 0 0 0 0 0 0 0 0 0 0 0 0 0 0 0 0 0 0 0 0 0 1 1 1 0 0 0 0 0 0 0 0 0 0 0 0 0 0 0 0 0 0
This is the WrapperOnManifold number 9:
  Wrapper on manifold:
    Function name: f_n (x) = sum(x)
    Restricted mapping: 27, 28, 29
  Result:
  84
  Jacobian:
  0 0 0 0 0 0 0 0 0 0 0 0 0 0 0 0 0 0 0 0 0 0 0 0 0 0 0 1 1 1 0 0 0 0 0 0 0 0 0 0 0 0 0 0 0
  Jacobian on tangent Space:
  0 0 0 0 0 0 0 0 0 0 0 0 0 0 0 0 0 0 0 0 0 0 0 0 0 0 0 1 1 1 0 0 0 0 0 0 0 0 0 0 0 0 0 0 0
This is the WrapperOnManifold number 10:
  Wrapper on manifold:
    Function name: f_n (x) = sum(x)
    Restricted mapping: 30, 31, 32
  Result:
  93
  Jacobian:
  0 0 0 0 0 0 0 0 0 0 0 0 0 0 0 0 0 0 0 0 0 0 0 0 0 0 0 0 0 0 1 1 1 0 0 0 0 0 0 0 0 0 0 0 0
  Jacobian on tangent Space:
  0 0 0 0 0 0 0 0 0 0 0 0 0 0 0 0 0 0 0 0 0 0 0 0 0 0 0 0 0 0 1 1 1 0 0 0 0 0 0 0 0 0 0 0 0
This is the WrapperOnManifold number 11:
  Wrapper on manifold:
    Function name: f_n (x) = sum(x)
    Restricted mapping: 33, 34, 35
  Result:
  102
  Jacobian:
  0 0 0 0 0 0 0 0 0 0 0 0 0 0 0 0 0 0 0 0 0 0 0 0 0 0 0 0 0 0 0 0 0 1 1 1 0 0 0 0 0 0 0 0 0
  Jacobian on tangent Space:
  0 0 0 0 0 0 0 0 0 0 0 0 0 0 0 0 0 0 0 0 0 0 0 0 0 0 0 0 0 0 0 0 0 1 1 1 0 0 0 0 0 0 0 0 0
This is the WrapperOnManifold number 12:
  Wrapper on manifold:
    Function name: f_n (x) = sum(x)
    Restricted mapping: 36, 37, 38
  Result:
  111
  Jacobian:
  0 0 0 0 0 0 0 0 0 0 0 0 0 0 0 0 0 0 0 0 0 0 0 0 0 0 0 0 0 0 0 0 0 0 0 0 1 1 1 0 0 0 0 0 0
  Jacobian on tangent Space:
  0 0 0 0 0 0 0 0 0 0 0 0 0 0 0 0 0 0 0 0 0 0 0 0 0 0 0 0 0 0 0 0 0 0 0 0 1 1 1 0 0 0 0 0 0
This is the WrapperOnManifold number 13:
  Wrapper on manifold:
    Function name: f_n (x) = sum(x)
    Restricted mapping: 39, 40, 41
  Result:
  120
  Jacobian:
  0 0 0 0 0 0 0 0 0 0 0 0 0 0 0 0 0 0 0 0 0 0 0 0 0 0 0 0 0 0 0 0 0 0 0 0 0 0 0 1 1 1 0 0 0
  Jacobian on tangent Space:
  0 0 0 0 0 0 0 0 0 0 0 0 0 0 0 0 0 0 0 0 0 0 0 0 0 0 0 0 0 0 0 0 0 0 0 0 0 0 0 1 1 1 0 0 0
This is the WrapperOnManifold number 14:
  Wrapper on manifold:
    Function name: f_n (x) = sum(x)
    Restricted mapping: 42, 43, 44
  Result:
  129
  Jacobian:
  0 0 0 0 0 0 0 0 0 0 0 0 0 0 0 0 0 0 0 0 0 0 0 0 0 0 0 0 0 0 0 0 0 0 0 0 0 0 0 0 0 0 1 1 1
  Jacobian on tangent Space:
  0 0 0 0 0 0 0 0 0 0 0 0 0 0 0 0 0 0 0 0 0 0 0 0 0 0 0 0 0 0 0 0 0 0 0 0 0 0 0 0 0 0 1 1 1
